// Jest Snapshot v1, https://goo.gl/fbAQLP

exports[`Probando el componente Buscador debería mostrar Buscador correctamente 1`] = `
<DocumentFragment>
  <div
    class="MuiBox-root css-8atqhb"
  >
    <div
      class="MuiGrid-root MuiGrid-container MuiGrid-spacing-xs-0.5 container-caja-busqueda css-125mmfg-MuiGrid-root"
    >
      <div
        class="MuiGrid-root MuiGrid-item MuiGrid-grid-xs-4 container-img-buscador css-gj1fbr-MuiGrid-root"
      >
        <img
          src="https://http2.mlstatic.com/frontend-assets/ui-navigation/5.18.8/mercadolibre/logo__small@2x.png"
        />
      </div>
      <div
        class="MuiGrid-root MuiGrid-item MuiGrid-grid-xs-8 container-input-buscador css-vok43g-MuiGrid-root"
      >
        <form
          class="MuiPaper-root MuiPaper-elevation MuiPaper-rounded MuiPaper-elevation1 paper-input-buscador css-1ps6pg7-MuiPaper-root"
        >
          <div
            class="MuiInputBase-root MuiInputBase-colorPrimary input-buscador css-1le28he-MuiInputBase-root"
            data-testid="input-busqueda"
          >
            <input
              class="MuiInputBase-input css-yz9k0d-MuiInputBase-input"
              placeholder="Buscar productos, marcas y más..."
              type="text"
              value=""
            />
          </div>
          <button
            aria-label="search"
            class="MuiButtonBase-root MuiIconButton-root MuiIconButton-sizeMedium css-1gtpq4r-MuiButtonBase-root-MuiIconButton-root"
            tabindex="0"
            type="submit"
          >
            <svg
              aria-hidden="true"
              class="MuiSvgIcon-root MuiSvgIcon-fontSizeMedium css-i4bv87-MuiSvgIcon-root"
              data-testid="SearchIcon"
              focusable="false"
              viewBox="0 0 24 24"
            >
              <path
                d="M15.5 14h-.79l-.28-.27C15.41 12.59 16 11.11 16 9.5 16 5.91 13.09 3 9.5 3S3 5.91 3 9.5 5.91 16 9.5 16c1.61 0 3.09-.59 4.23-1.57l.27.28v.79l5 4.99L20.49 19l-4.99-5zm-6 0C7.01 14 5 11.99 5 9.5S7.01 5 9.5 5 14 7.01 14 9.5 11.99 14 9.5 14z"
              />
            </svg>
            <span
              class="MuiTouchRipple-root css-8je8zh-MuiTouchRipple-root"
            />
          </button>
        </form>
      </div>
    </div>
    <div
      class="MuiGrid-root MuiGrid-container MuiGrid-spacing-xs-2 container-resultados css-mhc70k-MuiGrid-root"
    >
      <div
        class="MuiGrid-root MuiGrid-item MuiGrid-grid-xs-4 container-imagen-buscador css-gj1fbr-MuiGrid-root"
      >
        <img
          alt="imagen-buscador"
          class="img-buscador"
          src="icon-services-fcs.png"
        />
      </div>
      <div
        class="MuiGrid-root MuiGrid-item MuiGrid-grid-xs-8 container-desc-buscador css-vok43g-MuiGrid-root"
      >
        <h3>
          Escribí en el buscador lo que querés encontrar.
        </h3>
        <ul>
          <li>
            <strong>
              Escribí tu búsqueda
            </strong>
             en el campo que figura en la parte superior de la pantalla.
          </li>
          <li>
            <a
              href="/"
            >
               Navegá por categorías de productos
            </a>
             para encontrar el producto que buscás.
          </li>
        </ul>
      </div>
    </div>
    <div
      class="MuiBox-root css-0"
    />
  </div>
</DocumentFragment>
`;
